// Jest Snapshot v1, https://goo.gl/fbAQLP

exports[`Prueba de HooApp Deber de hacer un To Match Snapshot 1`] = `
<div>
  <h1>
    Hook App
  </h1>
</div>
`;
