// Jest Snapshot v1, https://goo.gl/fbAQLP

exports[`Prueba de Todo Add debe de mostrar correctamente 1`] = `
<form
  className="row g-3"
  method="POST"
  onSubmit={[Function]}
>
  <div
    className="col-8"
  >
    <input
      className="form-control"
      name="tarea"
      onChange={[Function]}
      placeholder="Tarea"
      type="text"
      value=""
    />
  </div>
  <div
    className="col-4 d-grid"
  >
    <button
      className="btn btn-outline-primary"
      type="submit"
    >
      Agregar tarea
    </button>
  </div>
</form>
`;
