// Jest Snapshot v1, https://goo.gl/fbAQLP

exports[`Prueba en <RefCaseReal/> Debe de Mostrar Corretamente 1`] = `
<div>
  <h2>
    Use Ref Case Real
  </h2>
  <hr />
  <button
    className="btn btn-primary mb-2"
    onClick={[Function]}
  >
    Show
  </button>
</div>
`;
